RESEARCH_COMMAND log i
RESEARCH_COMMAND bench mpi 6735
I (16138) bls_test: === MPI variant 6735 ===
I (16157) bls_test: MPI vs software bit-exactness: OK
I (16581) bls_test: MPI field exponent comparison: OK
I (16606) bls_test: mpi unchained x1000      x3       6753 us/op
I (16631) bls_test: mpi chained x1000        x3       6757 us/op
I (20813) bls_test: suite_verify n=10 dk     x2    1629218 us/op
I (28765) bls_test: swap crypto n=10 dk      x2    3974053 us/op
RESEARCH_COMMAND bench verify 879 11
I (28900) bls_test: === BLS verifier options=879 capacity=11 MPI=6735 ===
I (31238) bls_test: suite_verify cold n=10: 1417270 us, valid=1
I (33757) bls_test: suite_verify n=10 dk     x2    1252475 us/op
I (40179) bls_test: swap crypto n=10 dk      x2    3209437 us/op
RESEARCH_COMMAND bench nutroot quick opt=15
I (40272) nutroot: nutroot witness verification benchmark [full] (timed unit = one verify call, as nutshell's)
I (40379) nutroot: keypair full scalar      x8  mean     8084 med     8034 min     8034 us
I (40532) nutroot: sign incl keypair        x8  mean    17945 med    17948 min    17927 us
I (40621) nutroot: sign retained keypair    x8  mean     9615 med     9607 min     9607 us
I (40758) nutroot: schnorr verify           x8  mean    15782 med    15784 min    15776 us
I (40903) nutroot: ECDH full scalar         x8  mean    16709 med    16714 min    16675 us
I (40920) nutroot: parse compressed key     x8  mean      628 med      617 min      617 us
I (41206) nutroot: threshold 2/3 checks=2   x3  mean    49899 med    50005 min    49688 us
I (41598) nutroot: threshold 3/5 checks=3   x3  mean    67737 med    68005 min    67203 us
I (42514) nutroot: threshold 8/15 checks=8  x3  mean   156259 med   156005 min   156005 us
I (42515) nutroot: quick correctness: OK, options=15
RESEARCH_COMMAND selftest
I (42581) crypto_test: running crypto test vectors
I (42582) crypto_test: sha256: ok
I (42583) crypto_test: hash_to_curve 1: OK
I (42586) crypto_test: hash_to_curve 2: OK
I (42589) crypto_test: hash_to_curve 3: OK
I (42601) crypto_test: blind_message 1: OK
I (42612) crypto_test: blind_message 2: OK
I (42633) crypto_test: unblind: OK
I (42683) crypto_test: DLEQ BlindSignature: OK
I (42755) crypto_test: DLEQ Proof: OK
I (43521) crypto_test: NUT-13 V2 counter=0: OK
I (43522) crypto_test: NUT-13 V2 counter=1: OK
I (43523) crypto_test: NUT-13 V2 counter=2: OK
I (43524) crypto_test: NUT-13 V2 counter=3: OK
I (43528) crypto_test: NUT-13 V2 counter=4: OK
I (43541) crypto_test: NUT-13 V2: all test vectors passed
I (43542) crypto_test: all crypto tests passed
I (43542) bls_test: running BLS12-381 (keyset v3) test vectors
I (43559) bls_test: hash_to_curve_G1: OK
I (43576) bls_test: mint key K: valid G2 point
I (43601) bls_test: blind B_ = r*Y: OK
I (43625) bls_test: sign C_ = a*B_: OK
I (43649) bls_test: unblind C = r^-1*C_: OK
I (43985) bls_test: pairing verification: OK
I (44322) bls_test: tamper rejection: OK
I (44358) bls_test: batch C_1 = a*Y_1: OK
I (44359) bls_test: batch challenge: OK
I (44359) bls_test: batch weight_1 (ctr=4): OK
I (44360) bls_test: batch weight_2 (ctr=0): OK
I (44812) bls_test: batch verification: OK
I (45262) bls_test: batch tamper rejection: OK
I (45264) bls_test: point validation: OK
I (45300) bls_test: suite blind: OK
I (45338) bls_test: suite unblind: OK
I (48161) bls_test: suite verify_proofs (incl. multi-key): OK
I (48162) bls_test: suite input validation: OK
I (52252) bls_test: suite verify_proofs n=10 (chunk boundary): OK
I (52253) bls_test: NUT-13 v3 secret: OK
I (52254) bls_test: NUT-13 v3 r (attempt=1): OK
I (52274) bls_test: MPI vs software bit-exactness: OK
I (52708) bls_test: MPI field exponent comparison: OK
I (52708) bls_test: all BLS tests passed
I (53051) nutroot_current: current proposal: transcript, per-input witnesses, routing, disclosure, caps and ECDH vectors OK
I (53053) nutroot: leaf wire forms: OK
I (53057) nutroot: leaf parse rejections: OK
I (53063) nutroot: merkle fold + paths: OK
I (53108) nutroot: tweak derivations: OK
I (53109) nutroot: transaction transcripts: OK
I (53162) nutroot: signature vectors: OK
I (53553) nutroot: witness verification e2e: OK
I (53553) nutroot: all nutroot tests passed
self-tests PASSED
RESEARCH_COMMAND heap
free:          54340
largest block: 19456
min ever free: 25076
RESEARCH_COMMAND tasks
name             prio  stack-min
console             5       7076
IDLE                0       1260
wifi_drain          4      20192
