RESEARCH_COMMAND log i
RESEARCH_COMMAND bench mpi 6735
I (16171) bls_test: === MPI variant 6735 ===
I (16189) bls_test: MPI vs software bit-exactness: OK
I (16697) bls_test: MPI field exponent comparison: OK
I (16722) bls_test: mpi unchained x1000      x3       6751 us/op
I (16747) bls_test: mpi chained x1000        x3       6755 us/op
I (21232) bls_test: suite_verify n=10 dk     x2    1750296 us/op
I (29773) bls_test: swap crypto n=10 dk      x2    4268239 us/op
RESEARCH_COMMAND bench verify 879 11
I (29860) bls_test: === BLS verifier options=879 capacity=11 MPI=6735 ===
I (32369) bls_test: suite_verify cold n=10: 1524616 us, valid=1
I (35063) bls_test: suite_verify n=10 dk     x2    1339552 us/op
I (41961) bls_test: swap crypto n=10 dk      x2    3447338 us/op
RESEARCH_COMMAND bench nutroot quick opt=15
I (42046) nutroot: nutroot witness verification benchmark [full] (timed unit = one verify call, as nutshell's)
I (42153) nutroot: keypair full scalar      x8  mean     8073 med     8042 min     8042 us
I (42307) nutroot: sign incl keypair        x8  mean    17949 med    17961 min    17872 us
I (42396) nutroot: sign retained keypair    x8  mean     9622 med     9599 min     9599 us
I (42533) nutroot: schnorr verify           x8  mean    15776 med    15776 min    15773 us
I (42678) nutroot: ECDH full scalar         x8  mean    16705 med    16711 min    16669 us
I (42695) nutroot: parse compressed key     x8  mean      628 med      617 min      617 us
I (42981) nutroot: threshold 2/3 checks=2   x3  mean    49909 med    50006 min    49717 us
I (43373) nutroot: threshold 3/5 checks=3   x3  mean    67764 med    68006 min    67282 us
I (44290) nutroot: threshold 8/15 checks=8  x3  mean   156272 med   156006 min   156006 us
I (44291) nutroot: quick correctness: OK, options=15
RESEARCH_COMMAND selftest
I (44351) crypto_test: running crypto test vectors
I (44352) crypto_test: sha256: ok
I (44353) crypto_test: hash_to_curve 1: OK
I (44356) crypto_test: hash_to_curve 2: OK
I (44359) crypto_test: hash_to_curve 3: OK
I (44372) crypto_test: blind_message 1: OK
I (44382) crypto_test: blind_message 2: OK
I (44403) crypto_test: unblind: OK
I (44454) crypto_test: DLEQ BlindSignature: OK
I (44525) crypto_test: DLEQ Proof: OK
I (45292) crypto_test: NUT-13 V2 counter=0: OK
I (45293) crypto_test: NUT-13 V2 counter=1: OK
I (45293) crypto_test: NUT-13 V2 counter=2: OK
I (45294) crypto_test: NUT-13 V2 counter=3: OK
I (45298) crypto_test: NUT-13 V2 counter=4: OK
I (45311) crypto_test: NUT-13 V2: all test vectors passed
I (45312) crypto_test: all crypto tests passed
I (45313) bls_test: running BLS12-381 (keyset v3) test vectors
I (45330) bls_test: hash_to_curve_G1: OK
I (45348) bls_test: mint key K: valid G2 point
I (45375) bls_test: blind B_ = r*Y: OK
I (45400) bls_test: sign C_ = a*B_: OK
I (45427) bls_test: unblind C = r^-1*C_: OK
I (45796) bls_test: pairing verification: OK
I (46166) bls_test: tamper rejection: OK
I (46204) bls_test: batch C_1 = a*Y_1: OK
I (46205) bls_test: batch challenge: OK
I (46206) bls_test: batch weight_1 (ctr=4): OK
I (46206) bls_test: batch weight_2 (ctr=0): OK
I (46699) bls_test: batch verification: OK
I (47190) bls_test: batch tamper rejection: OK
I (47192) bls_test: point validation: OK
I (47230) bls_test: suite blind: OK
I (47271) bls_test: suite unblind: OK
I (50368) bls_test: suite verify_proofs (incl. multi-key): OK
I (50369) bls_test: suite input validation: OK
I (54759) bls_test: suite verify_proofs n=10 (chunk boundary): OK
I (54760) bls_test: NUT-13 v3 secret: OK
I (54761) bls_test: NUT-13 v3 r (attempt=1): OK
I (54781) bls_test: MPI vs software bit-exactness: OK
I (55299) bls_test: MPI field exponent comparison: OK
I (55300) bls_test: all BLS tests passed
I (55642) nutroot_current: current proposal: transcript, per-input witnesses, routing, disclosure, caps and ECDH vectors OK
I (55645) nutroot: leaf wire forms: OK
I (55648) nutroot: leaf parse rejections: OK
I (55655) nutroot: merkle fold + paths: OK
I (55699) nutroot: tweak derivations: OK
I (55700) nutroot: transaction transcripts: OK
I (55753) nutroot: signature vectors: OK
I (56143) nutroot: witness verification e2e: OK
I (56144) nutroot: all nutroot tests passed
self-tests PASSED
RESEARCH_COMMAND heap
free:          54340
largest block: 19456
min ever free: 25076
RESEARCH_COMMAND tasks
name             prio  stack-min
console             5       7188
IDLE                0       1260
wifi_drain          4      20192
