RESEARCH_COMMAND log i
RESEARCH_COMMAND selftest
I (16177) crypto_test: running crypto test vectors
I (16178) crypto_test: sha256: ok
I (16179) crypto_test: hash_to_curve 1: OK
I (16183) crypto_test: hash_to_curve 2: OK
I (16186) crypto_test: hash_to_curve 3: OK
I (16198) crypto_test: blind_message 1: OK
I (16210) crypto_test: blind_message 2: OK
I (16245) crypto_test: unblind: OK
I (16269) crypto_test: DLEQ BlindSignature: OK
I (16328) crypto_test: DLEQ Proof: OK
I (17094) crypto_test: NUT-13 V2 counter=0: OK
I (17094) crypto_test: NUT-13 V2 counter=1: OK
I (17095) crypto_test: NUT-13 V2 counter=2: OK
I (17096) crypto_test: NUT-13 V2 counter=3: OK
I (17100) crypto_test: NUT-13 V2 counter=4: OK
I (17113) crypto_test: NUT-13 V2: all test vectors passed
I (17114) crypto_test: all crypto tests passed
I (17115) bls_test: running BLS12-381 (keyset v3) test vectors
I (17130) bls_test: hash_to_curve_G1: OK
I (17146) bls_test: mint key K: valid G2 point
I (17168) bls_test: blind B_ = r*Y: OK
I (17189) bls_test: sign C_ = a*B_: OK
I (17211) bls_test: unblind C = r^-1*C_: OK
I (17482) bls_test: pairing verification: OK
I (17753) bls_test: tamper rejection: OK
I (17786) bls_test: batch C_1 = a*Y_1: OK
I (17787) bls_test: batch challenge: OK
I (17788) bls_test: batch weight_1 (ctr=4): OK
I (17788) bls_test: batch weight_2 (ctr=0): OK
I (18162) bls_test: batch verification: OK
I (18533) bls_test: batch tamper rejection: OK
I (18536) bls_test: point validation: OK
I (18570) bls_test: suite blind: OK
I (18603) bls_test: suite unblind: OK
I (20917) bls_test: suite verify_proofs (incl. multi-key): OK
I (20918) bls_test: suite input validation: OK
I (24389) bls_test: suite verify_proofs n=10 (chunk boundary): OK
I (24390) bls_test: NUT-13 v3 secret: OK
I (24391) bls_test: NUT-13 v3 r (attempt=1): OK
I (24411) bls_test: MPI vs software bit-exactness: OK
I (24834) bls_test: MPI field exponent comparison: OK
I (24834) bls_test: all BLS tests passed
I (25180) nutroot_current: current proposal: transcript, per-input witnesses, routing, disclosure, caps and ECDH vectors OK
I (25183) nutroot: leaf wire forms: OK
I (25186) nutroot: leaf parse rejections: OK
I (25193) nutroot: merkle fold + paths: OK
I (25236) nutroot: tweak derivations: OK
I (25238) nutroot: transaction transcripts: OK
I (25290) nutroot: signature vectors: OK
I (25674) nutroot: witness verification e2e: OK
I (25675) nutroot: all nutroot tests passed
self-tests PASSED
RESEARCH_COMMAND bench scale 8047 11 33 10 3
I (26934) bls_test: scale options=8047 capacity=11 MPI=14927 n=33 distinct=10
I (29216) bls_test: scale cold sample=0 time=2281118 us valid=1
I (30957) bls_test: scale warm sample=1 time=1738170 us valid=1
I (32712) bls_test: scale warm sample=2 time=1752831 us valid=1
I (34454) bls_test: scale warm sample=3 time=1739134 us valid=1
I (36201) bls_test: scale valid/tampered correctness: OK
RESEARCH_COMMAND bench scale 8047 11 64 10 3
I (38252) bls_test: scale options=8047 capacity=11 MPI=14927 n=64 distinct=10
I (41815) bls_test: scale cold sample=0 time=3562235 us valid=1
I (44836) bls_test: scale warm sample=1 time=3018202 us valid=1
I (47857) bls_test: scale warm sample=2 time=3018232 us valid=1
I (50878) bls_test: scale warm sample=3 time=3018252 us valid=1
I (53905) bls_test: scale valid/tampered correctness: OK
RESEARCH_COMMAND heap
free:          57544
largest block: 23552
min ever free: 9236
RESEARCH_COMMAND tasks
name             prio  stack-min
console             5      11604
IDLE                0       1260
wifi_drain          4      20200
