RESEARCH_COMMAND log i
RESEARCH_COMMAND heap
free:          59236
largest block: 23552
min ever free: 32132
RESEARCH_COMMAND selftest
I (16305) crypto_test: running crypto test vectors
I (16306) crypto_test: sha256: ok
I (16308) crypto_test: hash_to_curve 1: OK
I (16311) crypto_test: hash_to_curve 2: OK
I (16314) crypto_test: hash_to_curve 3: OK
I (16327) crypto_test: blind_message 1: OK
I (16338) crypto_test: blind_message 2: OK
I (16374) crypto_test: unblind: OK
I (16398) crypto_test: DLEQ BlindSignature: OK
I (16457) crypto_test: DLEQ Proof: OK
I (17222) crypto_test: NUT-13 V2 counter=0: OK
I (17223) crypto_test: NUT-13 V2 counter=1: OK
I (17224) crypto_test: NUT-13 V2 counter=2: OK
I (17224) crypto_test: NUT-13 V2 counter=3: OK
I (17228) crypto_test: NUT-13 V2 counter=4: OK
I (17242) crypto_test: NUT-13 V2: all test vectors passed
I (17242) crypto_test: all crypto tests passed
I (17243) bls_test: running BLS12-381 (keyset v3) test vectors
I (17259) bls_test: hash_to_curve_G1: OK
I (17275) bls_test: mint key K: valid G2 point
I (17296) bls_test: blind B_ = r*Y: OK
I (17318) bls_test: sign C_ = a*B_: OK
I (17340) bls_test: unblind C = r^-1*C_: OK
I (17610) bls_test: pairing verification: OK
I (17882) bls_test: tamper rejection: OK
I (17915) bls_test: batch C_1 = a*Y_1: OK
I (17916) bls_test: batch challenge: OK
I (17917) bls_test: batch weight_1 (ctr=4): OK
I (17917) bls_test: batch weight_2 (ctr=0): OK
I (18291) bls_test: batch verification: OK
I (18662) bls_test: batch tamper rejection: OK
I (18665) bls_test: point validation: OK
I (18699) bls_test: suite blind: OK
I (18732) bls_test: suite unblind: OK
I (21048) bls_test: suite verify_proofs (incl. multi-key): OK
I (21049) bls_test: suite input validation: OK
I (24521) bls_test: suite verify_proofs n=10 (chunk boundary): OK
I (24522) bls_test: NUT-13 v3 secret: OK
I (24523) bls_test: NUT-13 v3 r (attempt=1): OK
I (24543) bls_test: MPI vs software bit-exactness: OK
I (24966) bls_test: MPI field exponent comparison: OK
I (24966) bls_test: all BLS tests passed
I (25313) nutroot_current: current proposal: transcript, per-input witnesses, routing, disclosure, caps and ECDH vectors OK
I (25316) nutroot: leaf wire forms: OK
I (25319) nutroot: leaf parse rejections: OK
I (25326) nutroot: merkle fold + paths: OK
I (25370) nutroot: tweak derivations: OK
I (25371) nutroot: transaction transcripts: OK
I (25423) nutroot: signature vectors: OK
I (25808) nutroot: witness verification e2e: OK
I (25808) nutroot: all nutroot tests passed
self-tests PASSED
RESEARCH_COMMAND bench verify 8047 11
I (25971) bls_test: === BLS verifier options=8047 capacity=11 MPI=14927 ===
I (28024) bls_test: suite_verify cold n=10: 1231297 us, valid=1
I (29971) bls_test: suite_verify n=10 dk     x2     966326 us/op
I (35064) bls_test: swap crypto n=10 dk      x2    2544563 us/op
RESEARCH_COMMAND bench nutroot current opt=95
I (36632) nutroot_current: NUT-10 a3f04b97154b; 10 distinct keys, 33B point secrets, full-width factors, fresh E per receiver-keyed output; BLS=8047 Nutroot=95
I (37870) nutroot_current: BLS verify cold n=10          x1 mean 1232693 min 1232693 max 1232693 us
I (41751) nutroot_current: BLS verify warm n=10          x4 mean 968023 min 967860 max 968096 us
I (43672) nutroot_current: recover+sign separate n=10    x3 mean 638484 min 638310 max 638678 us
I (45139) nutroot_current: recover+sign retained n=10    x3 mean 439989 min 439920 max 440068 us
I (45568) nutroot_current: current witnesses n=10        x3 mean 141005 min 140910 max 141139 us
I (45921) nutroot_current: commitments individual n=10   x3 mean 115275 min 115257 max 115312 us
I (46174) nutroot_current: commitments batch n=10        x3 mean 82281 min 82195 max 82374 us
I (46428) nutroot_current: commitments API n=10          x3 mean 82967 min 82856 max 83186 us
I (46836) nutroot_current: blind fresh secrets n=10      x1 mean 322568 min 322568 max 322568 us
I (47474) nutroot_current: blind cached secrets n=10     x3 mean 210929 min 210853 max 211013 us
I (51375) nutroot_current: unblind+verify separate n=10  x3 mean 1298702 min 1298652 max 1298730 us
I (54937) nutroot_current: unblind+verify retained n=10  x3 mean 1185549 min 1185455 max 1185636 us
I (58499) nutroot_current: unblind+verify batch inverse  x3 mean 1185399 min 1185230 max 1185596 us
I (58509) nutroot_current: KDF cached prefix n=10        x3 mean 1098 min 1088 max 1118 us
I (58519) nutroot_current: KDF new context n=10          x3 mean 1583 min 1576 max 1597 us
I (59756) nutroot_current: prepare fresh outputs n=10    x3 mean 410739 min 410622 max 410862 us
I (59763) nutroot_current: read prepared outputs n=10    x3 mean 14 min 12 max 20 us
I (59819) nutroot_current: NUMS offset verify            x5 mean 9730 min 9688 max 9880 us
I (61925) nutroot_current: leaf slot match at 120        x2 mean 1037546 min 1034093 max 1041000 us
I (61935) nutroot_current: blst SHA256 33B x100          x3 mean 1526 min 1506 max 1567 us
I (61945) nutroot_current: IDF SHA256 33B x100           x3 mean 1889 min 1880 max 1909 us
I (61970) nutroot_current: blst SHA256 1KiB x100         x3 mean 6855 min 6844 max 6879 us
I (61989) nutroot_current: IDF SHA256 1KiB x100          x3 mean 4040 min 4019 max 4083 us
I (62168) nutroot_current: BLS Fp2 multiply x100         x3 mean 1853 min 1850 max 1860 us
I (62178) nutroot_current: BLS Fp2 square x100           x3 mean 1400 min 1396 max 1408 us
I (62515) nutroot_current: BLS Fp2 inverse x100          x3 mean 110485 min 110245 max 110637 us
I (62594) nutroot_current: BLS cyclotomic square x100    x3 mean 24489 min 24433 max 24601 us
I (63102) nutroot_current: BLS final exponent            x5 mean 100046 min 99699 max 100529 us
I (63195) nutroot_current: secp field mul x1000          x3 mean 9406 min 9402 max 9413 us
I (63217) nutroot_current: secp field square x1000       x3 mean 5855 min 5828 max 5908 us
I (63266) nutroot_current: MPI secp field mul x1000      x3 mean 14047 min 14030 max 14082 us
I (63324) nutroot_current: MPI secp field square x1000   x3 mean 14062 min 14030 max 14100 us
I (63370) nutroot_current: secp scalar mul x1000         x3 mean 11116 min 11024 max 11169 us
I (63395) nutroot_current: MPI raw 256-bit x1000         x3 mean 6080 min 6079 max 6081 us
I (63429) nutroot_current: MPI raw 384-bit x1000         x3 mean 9763 min 9762 max 9767 us
I (63511) nutroot_current: MPI raw 768-bit x1000         x3 mean 25646 min 25646 max 25647 us
I (63663) nutroot_current: MPI raw 1152-bit x1000        x3 mean 48792 min 48788 max 48801 us
I (63909) nutroot_current: MPI raw 1536-bit x1000        x3 mean 79732 min 79206 max 80776 us
I (63910) nutroot_current: current benchmark correctness: OK
RESEARCH_COMMAND bench scale 8047 11 32 10 3
I (65000) bls_test: scale options=8047 capacity=11 MPI=14927 n=32 distinct=10
I (67254) bls_test: scale cold sample=0 time=2253214 us valid=1
I (68962) bls_test: scale warm sample=1 time=1705790 us valid=1
I (70670) bls_test: scale warm sample=2 time=1705975 us valid=1
I (72378) bls_test: scale warm sample=3 time=1705932 us valid=1
I (74099) bls_test: scale valid/tampered correctness: OK
RESEARCH_COMMAND bench scale 8047 11 64 10 3
I (76161) bls_test: scale options=8047 capacity=11 MPI=14927 n=64 distinct=10
I (79732) bls_test: scale cold sample=0 time=3570816 us valid=1
I (82357) bls_test: scale warm sample=1 time=2622470 us valid=1
I (84982) bls_test: scale warm sample=2 time=2622386 us valid=1
I (87609) bls_test: scale warm sample=3 time=2624548 us valid=1
I (90241) bls_test: scale valid/tampered correctness: OK
RESEARCH_COMMAND bench contend 8047
I (91299) bls_test: scale options=8047 capacity=11 MPI=14927 n=32 distinct=10
I (93566) bls_test: scale cold sample=0 time=2266166 us valid=1
I (95276) bls_test: scale warm sample=1 time=1707908 us valid=1
I (96985) bls_test: scale warm sample=2 time=1706962 us valid=1
I (98708) bls_test: scale valid/tampered correctness: OK
I (98710) bls_test: contention flags=8047 peer_ops=80 max_MPI_wait=622182 us peer_stack_min=7328 result=OK
I (98713) bls_test: contention max_completion_gap=801796 us (includes CPU scheduling delay)
RESEARCH_COMMAND heap
free:          58852
largest block: 23552
min ever free: 13472
RESEARCH_COMMAND tasks
name             prio  stack-min
console             5      10900
IDLE                0       1260
wifi_drain          4      20192
